// Jest Snapshot v1, https://goo.gl/fbAQLP

exports[`Footer Component Footer Component renders correctly using snapshots 1`] = `
<div
  className="wrapper footerwrap fixed-bottom"
>
  <div
    className="container"
  >
    <header
      className="text-center"
    >
      Disclaimer
    </header>
  </div>
</div>
`;
